******************************************************************************
              TMS320C55x Linker Unix v4.4.1                    
******************************************************************************
>> Linked Fri Jul  6 13:42:40 2018

OUTPUT FILE NAME:   <project_0.out>
ENTRY POINT SYMBOL: "_c_int00"  address: 00024f7c


MEMORY CONFIGURATION

         name            origin    length      used     unused   attr    fill
                        (bytes)   (bytes)    (bytes)   (bytes)
----------------------  --------  ---------  --------  --------  ----  --------
PAGE 0:
  MMR                   00000000   000000c0  00000000  000000c0  RWIX
  DARAM0                000000c0   0000ff40  00005fa2  00009f9e  RWIX
  SARAM0                00010000   00010000  00000000  00010000  RWIX
  SARAM1                00020000   00020000  000050e6  0001af1a  RWIX
  SARAM2                00040000   0000fe00  000003bc  0000fa44  RWIX
  VECS                  0004fe00   00000200  00000100  00000100  RWIX
  PDROM                 00ff8000   00008000  00000000  00008000  R IX

PAGE 2:
  IOPORT                00000000   00020000  00000000  00020000  RWI 


SECTION ALLOCATION MAP
(Addresses surrounded by []'s are displayed for convenience only!)

output                                                          attributes/
section   page  orgn(bytes) orgn(words) len(bytes) len(words)   input sections
--------  ----  ----------- ----------- ---------- ----------   --------------
.pinit       0   [ 00040000 ]  00020000          *   00000000   UNINITIALIZED

.stack       0   [ 000000c0 ]  00000060          *   00001000   UNINITIALIZED
                 [ 000000c0 ]  00000060          *   00001000   --HOLE--

.data        0   [ 000000c0 ]  00000060          *   00000000   UNINITIALIZED

.sysstack 
*            0   [ 000020c0 ]  00001060          *   00000800   UNINITIALIZED
                 [ 000020c0 ]  00001060          *   00000800   --HOLE--

.sysmem      0   [ 000030c0 ]  00001860          *   00001000   UNINITIALIZED
                 [ 000030c0 ]  00001860          *   00001000   --HOLE--

.const.1     0   [ 000050c0 ]  00002860          *   000004ab   
                 [ 000050c0 ]  00002860          *   00000236   PLL.obj (.const:.string)
                 [ 0000552c ]  00002a96          *   00000174   aic3204_init.obj (.const:.string)
                 [ 00005814 ]  00002c0a          *   00000101   rts55h.lib : ctype.obj (.const:__ctypes_)

.const.2     0   [ 00005a18 ]  00002d0c          *   00000047   
                 [ 00005a18 ]  00002d0c          *   00000047   main.obj (.const:.string)

.const.3     0   [ 00005aa8 ]  00002d54          *   0000003c   
                 [ 00005aa8 ]  00002d54          *   00000024   rts55h.lib : _printfi.obj (.const:.string)
                 [ 00005af0 ]  00002d78          *   0000000c              : _printfi.obj (.const)
                 [ 00005b08 ]  00002d84          *   00000008              : divd.obj (.const:_initial_approx$1)
                 [ 00005b18 ]  00002d8c          *   00000002              : fputs.obj (.const:.string)
                 [ 00005b1c ]  00002d8e          *   00000002              : fltlid.obj (.const)

.bss.1       0   [ 00005b20 ]  00002d90          *   00000299   UNINITIALIZED
                 [ 00005b20 ]  00002d90          *   00000119   rts55h.lib : defs.obj (.bss)
                 [ 00005d52 ]  00002ea9          *   000000d0              : trgdrv.obj (.bss)
                 [ 00005ef2 ]  00002f79          *   00000001              : fopen.obj (.bss)
                 [ 00005ef4 ]  00002f7a          *   00000071              : lowlev.obj (.bss)
                 [ 00005fd6 ]  00002feb          *   00000001   usbstk5505_i2c.obj (.bss)
                 [ 00005fd8 ]  00002fec          *   00000036   PLL.obj (.bss)
                 [ 00006044 ]  00003022          *   00000007   rts55h.lib : memory.obj (.bss)

.bss.2       0   [ 00006054 ]  0000302a          *   0000000a   UNINITIALIZED
                 [ 00006054 ]  0000302a          *   00000004   rts55h.lib : _lock.obj (.bss)
                 [ 0000605c ]  0000302e          *   00000004              : exit.obj (.bss)
                 [ 00006064 ]  00003032          *   00000002   aic3204.obj (.bss)

.text        0     00020000  [ 00010000 ] 000050e6          *   
                   00020000  [ 00010000 ] 00001533          *   rts55h.lib : _printfi.obj (.text)
                   00021533  [ 00010a99+] 00000538          *              : trgdrv.obj (.text)
                   00021a6b  [ 00010d35+] 00000533          *              : memory.obj (.text)
                   00021f9e  [ 00010fcf ] 00000522          *   aic3204_init.obj (.text)
                   000224c0  [ 00011260 ] 00000518          *   rts55h.lib : lowlev.obj (.text)
                   000229d8  [ 000114ec ] 000003c7          *              : divd.obj (.text)
                   00022d9f  [ 000116cf+] 00000340          *   PLL.obj (.text)
                   000230df  [ 0001186f+] 000002ad          *   CSLc55x5h.lib : csl_pll.obj (.text)
                   0002338c  [ 000119c6 ] 0000026c          *   rts55h.lib : fopen.obj (.text)
                   000235f8  [ 00011afc ] 0000025c          *              : llmpy.obj (.text)
                   00023854  [ 00011c2a ] 00000257          *              : addd.obj (.text)
                   00023aab  [ 00011d55+] 000001ea          *              : cmpd.obj (.text)
                   00023c95  [ 00011e4a+] 0000017b          *              : fputs.obj (.text)
                   00023e10  [ 00011f08 ] 00000164          *   usbstk5505_gpio.obj (.text)
                   00023f74  [ 00011fba ] 0000014b          *   rts55h.lib : mpyd.obj (.text)
                   000240bf  [ 0001205f+] 0000013b          *   aic3204.obj (.text)
                   000241fa  [ 000120fd ] 0000012a          *   usbstk5505_i2c.obj (.text)
                   00024324  [ 00012192 ] 000000f3          *   rts55h.lib : setvbuf.obj (.text)
                   00024417  [ 0001220b+] 000000da          *              : _io_perm.obj (.text)
                   000244f1  [ 00012278+] 000000be          *              : trgmsg.obj (.text:CIO_breakpoint)
                   000245af  [ 000122d7+] 000000ba          *              : fflush.obj (.text)
                   00024669  [ 00012334+] 000000a2          *              : fputc.obj (.text)
                   0002470b  [ 00012385+] 000000a0          *              : divul.obj (.text)
                   000247ab  [ 000123d5+] 00000099          *   hhs_setup_0.obj (.text)
                   00024844  [ 00012422 ] 00000090          *   main.obj (.text)
                   000248d4  [ 0001246a ] 00000079          *   rts55h.lib : ltoa.obj (.text)
                   0002494d  [ 000124a6+] 00000076          *              : fclose.obj (.text)
                   000249c3  [ 000124e1+] 00000076          *              : frcmpyd.obj (.text)
                   00024a39  [ 0001251c+] 00000073          *              : frcmpyd_div.obj (.text)
                   00024aac  [ 00012556 ] 00000070          *              : remul.obj (.text)
                   00024b1c  [ 0001258e ] 0000006e          *              : fixdli.obj (.text)
                   00024b8a  [ 000125c5 ] 0000006b          *              : trgmsg.obj (.text)
                   00024bf5  [ 000125fa+] 00000068          *              : fseek.obj (.text)
                   00024c5d  [ 0001262e+] 00000067          *              : fltlid.obj (.text)
                   00024cc4  [ 00012662 ] 00000059          *              : atoi.obj (.text)
                   00024d1d  [ 0001268e+] 00000056          *              : memcpy.obj (.text)
                   00024d73  [ 000126b9+] 00000054          *   usbstk5505.obj (.text)
                   00024dc7  [ 000126e3+] 0000004e          *   rts55h.lib : printf.obj (.text)
                   00024e15  [ 0001270a+] 0000004d          *              : autoinit.obj (.text)
                   00024e62  [ 00012731 ] 0000004b          *              : remli.obj (.text)
                   00024ead  [ 00012756+] 00000049          *              : args_main.obj (.text)
                   00024ef6  [ 0001277b ] 00000048          *              : divli.obj (.text)
                   00024f3e  [ 0001279f ] 0000003e          *              : exit.obj (.text)
                   00024f7c  [ 000127be ] 00000034          *              : boot.obj (.text)
                   00024fb0  [ 000127d8 ] 0000002d          *   usbstk5505_led.obj (.text)
                   00024fdd  [ 000127ee+] 0000002a          *   rts55h.lib : fixdi.obj (.text)
                   00025007  [ 00012803+] 0000002a          *              : udiv.obj (.text)
                   00025031  [ 00012818+] 00000022          *              : memccpy.obj (.text)
                   00025053  [ 00012829+] 0000001c          *   stereo.obj (.text)
                   0002506f  [ 00012837+] 0000001a          *   rts55h.lib : isinf.obj (.text)
                   00025089  [ 00012844+] 00000014          *              : subd.obj (.text)
                   0002509d  [ 0001284e+] 00000013          *              : lmpy.obj (.text)
                   000250b0  [ 00012858 ] 00000012          *              : _lock.obj (.text)
                   000250c2  [ 00012861 ] 00000010          *              : negd.obj (.text)
                   000250d2  [ 00012869 ] 0000000a          *              : remove.obj (.text)
                   000250dc  [ 0001286e ] 00000007          *              : exit.obj (.text:CIO_breakpoint)
                   000250e3  [ 00012871+] 00000002          *              : vectors.obj (.text)
                   000250e5  [ 00012872 ] 00000001          *   --HOLE-- [fill = 20]

.cio         0   [ 00040000 ]  00020000          *   00000120   UNINITIALIZED
                 [ 00040000 ]  00020000          *   00000120   rts55h.lib : trgmsg.obj (.cio)

.cinit       0   [ 00040240 ]  00020120          *   000000be   
                 [ 00040240 ]  00020120          *   00000046   PLL.obj (.cinit)
                 [ 000402cc ]  00020166          *   0000002d   rts55h.lib : lowlev.obj (.cinit)
                 [ 00040326 ]  00020193          *   0000002a              : defs.obj (.cinit)
                 [ 0004037a ]  000201bd          *   0000000a              : _lock.obj (.cinit)
                 [ 0004038e ]  000201c7          *   0000000a              : exit.obj (.cinit)
                 [ 000403a2 ]  000201d1          *   00000004              : fopen.obj (.cinit)
                 [ 000403aa ]  000201d5          *   00000004              : memory.obj (.cinit)
                 [ 000403b2 ]  000201d9          *   00000004   usbstk5505_i2c.obj (.cinit)
                 [ 000403ba ]  000201dd          *   00000001   --HOLE-- [fill = 0]

vectors      0     0004fe00  [ 00027f00 ] 00000100          *   
                   0004fe00  [ 00027f00 ] 00000100          *   rts55h.lib : vectors.obj (vectors)


GLOBAL SYMBOLS: SORTED ALPHABETICALLY BY Name 

abs. value/
byte addr   word addr   name
---------   ---------   ----
00000002                $TI_capability$C5500$CallingConvention
00000008                $TI_capability$C5500$MemoryModel
00000001                $TI_capability_requires_rev3
ffffffff                .bss
ffffffff                .data
ffffffff                .text
000250dd                C$$EXIT
000245aa                C$$IO$$
0002509d                I$$LMPY
00025007                I$$UDIV
0002501c                I$$UMOD
000240bf                _AIC3204_rget
0002410a                _AIC3204_rset
00024809                _HHS_InStereo
0002481e                _HHS_Led
00024832                _HHS_OutStereo
000247ab                _HHS_Setup
000247ff                _HHS_Stop
00021a0d                _HOSTclock
000219a2                _HOSTclose
000218ed                _HOSTlseek
0002184c                _HOSTopen
000217c1                _HOSTread
00021708                _HOSTrename
000216aa                _HOSTtime
0002163e                _HOSTunlink
000215b3                _HOSTwrite
000232d1                _PLL_bypass
00023141                _PLL_config
0002326a                _PLL_enable
00023109                _PLL_init
00023320                _PLL_reset
0004fe00                _Reset
00023f1c                _USBSTK5505_GPIO_getInput
00023e10                _USBSTK5505_GPIO_init
00023e14                _USBSTK5505_GPIO_setDirection
00023e9f                _USBSTK5505_GPIO_setOutput
00024219                _USBSTK5505_I2C_close
000241fa                _USBSTK5505_I2C_init
000242ab                _USBSTK5505_I2C_read
00024222                _USBSTK5505_I2C_reset
00024230                _USBSTK5505_I2C_write
00024fb0                _USBSTK5505_LED_init
00024fcc                _USBSTK5505_LED_off
00024fbb                _USBSTK5505_LED_on
00024db9                _USBSTK5505_init
00024d73                _USBSTK5505_wait
00024da7                _USBSTK5505_waitusec
            00020000    __CIOBUF_
            00001060    __STACK_END
00002000                __STACK_SIZE
00002000                __SYSMEM_SIZE
00001000                __SYSSTACK_SIZE
00000001                __TI_args_main
ffffffff                ___binit__
ffffffff                ___bss__
ffffffff                ___c_args__
            00020120    ___cinit__
ffffffff                ___data__
ffffffff                ___edata__
ffffffff                ___end__
ffffffff                ___etext__
0002506f                ___isinf
ffffffff                ___pinit__
ffffffff                ___text__
00023854                __addd
00024ead                __args_main
000234a1                __cleanup
            0000302e    __cleanup_ptr
00023c3d                __cmpd
            00002c0a    __ctypes_
000229d8                __divd
00024ef6                __divli
00023820                __divlli
00025007                __divu
0002470b                __divul
0002372c                __divull
000245af                __doflush
            00003030    __dtors_ptr
00023c09                __eqld
00024fdd                __fixdi
00024b1c                __fixdli
00024c5d                __fltlid
000249c3                __frcmpyd
00024a39                __frcmpyd_div
            00002ea8    __ft_end
            00002d90    __ftable
00023bbf                __geqd
00023b74                __gtrd
00023b27                __leqd
            0000302a    __lock
00023adf                __lssd
00023f74                __mpyd
0002509d                __mpyli
00023675                __mpylli
000250c2                __negd
00023aab                __neqd
000250c0                __nop
00021315                __printfi
00024494                __rd_ok
000250b8                __register_lock
000250b0                __register_unlock
00024e62                __remli
00023646                __remlli
0002501c                __remu
00024aac                __remul
000235f8                __remull
            00000060    __stack
00025089                __subd
            00001860    __sys_memory
            00001060    __sysstack
            00002e08    __tmpnams
            0000302c    __unlock
00024417                __wrt_ok
000250dc                _abort
000228f0                _add_device
00024178                _aic3204_codec_read
000241be                _aic3204_codec_write
0002415c                _aic3204_disable
0002412c                _aic3204_hardware_init
00021f9e                _aic3204_init
00024cc4                _atoi
00024e15                _auto_init
00024f7c                _c_int00
00021f52                _calloc
00021f4a                _chkheap
00022880                _close
            00003032    _counter1
            00003033    _counter2
00024f3e                _exit
0002494d                _fclose
00024611                _fflush
00022877                _find_registered_device
000235bf                _fopen
00024669                _fputc
00023c95                _fputs
00021a6b                _free
00021ee3                _free_memory
000234f9                _freopen
00024bf5                _fseek
00021533                _getenv
            00002ff6    _hPll
00022813                _lseek
000248d4                _ltoa
00024844                _main
00021baf                _malloc
00021e79                _max_free
00025031                _memccpy
00024d1d                _memcpy
00021b3d                _minit
00022756                _open
            00003020    _pConfigInfo
            00002ff2    _pllCfg1
            00003018    _pllCfg_100MHz
            0000301c    _pllCfg_120MHz
            00003000    _pllCfg_12MHz
            00003004    _pllCfg_12p288MHz
            00002ff8    _pllCfg_1MHz
            00002ffc    _pllCfg_2MHz
            00003008    _pllCfg_40MHz
            0000300c    _pllCfg_60MHz
            00003010    _pllCfg_75MHz
            00003014    _pllCfg_98MHz
            00002fec    _pllObj
00022e1a                _pll_frequency_setup
00024dc7                _printf
00024669                _putc
000246fc                _putchar
00023de4                _puts
000226ac                _read
00024b8a                _readmsg
00021cb0                _realloc
000250d2                _remove
00022678                _remove_device
00022621                _rename
00022170                _set_sampling_frequency_and_gain
00024324                _setvbuf
00025053                _stereo_to_mono
000225ed                _unlink
000224c0                _write
000244f1                _writemsg
ffffffff                binit
            00020120    cinit
ffffffff                edata
ffffffff                end
ffffffff                etext
ffffffff                pinit


GLOBAL SYMBOLS: SORTED BY Symbol Address 

abs. value/
byte addr   word addr   name
---------   ---------   ----
00000001                $TI_capability_requires_rev3
00000001                __TI_args_main
00000002                $TI_capability$C5500$CallingConvention
00000008                $TI_capability$C5500$MemoryModel
            00000060    __stack
00001000                __SYSSTACK_SIZE
00002000                __STACK_SIZE
00002000                __SYSMEM_SIZE
            00001060    __STACK_END
            00001060    __sysstack
            00001860    __sys_memory
            00002c0a    __ctypes_
            00002d90    __ftable
            00002e08    __tmpnams
            00002ea8    __ft_end
            00002fec    _pllObj
            00002ff2    _pllCfg1
            00002ff6    _hPll
            00002ff8    _pllCfg_1MHz
            00002ffc    _pllCfg_2MHz
            00003000    _pllCfg_12MHz
            00003004    _pllCfg_12p288MHz
            00003008    _pllCfg_40MHz
            0000300c    _pllCfg_60MHz
            00003010    _pllCfg_75MHz
            00003014    _pllCfg_98MHz
            00003018    _pllCfg_100MHz
            0000301c    _pllCfg_120MHz
            00003020    _pConfigInfo
            0000302a    __lock
            0000302c    __unlock
            0000302e    __cleanup_ptr
            00003030    __dtors_ptr
            00003032    _counter1
            00003033    _counter2
00021315                __printfi
00021533                _getenv
000215b3                _HOSTwrite
0002163e                _HOSTunlink
000216aa                _HOSTtime
00021708                _HOSTrename
000217c1                _HOSTread
0002184c                _HOSTopen
000218ed                _HOSTlseek
000219a2                _HOSTclose
00021a0d                _HOSTclock
00021a6b                _free
00021b3d                _minit
00021baf                _malloc
00021cb0                _realloc
00021e79                _max_free
00021ee3                _free_memory
00021f4a                _chkheap
00021f52                _calloc
00021f9e                _aic3204_init
00022170                _set_sampling_frequency_and_gain
000224c0                _write
000225ed                _unlink
00022621                _rename
00022678                _remove_device
000226ac                _read
00022756                _open
00022813                _lseek
00022877                _find_registered_device
00022880                _close
000228f0                _add_device
000229d8                __divd
00022e1a                _pll_frequency_setup
00023109                _PLL_init
00023141                _PLL_config
0002326a                _PLL_enable
000232d1                _PLL_bypass
00023320                _PLL_reset
000234a1                __cleanup
000234f9                _freopen
000235bf                _fopen
000235f8                __remull
00023646                __remlli
00023675                __mpylli
0002372c                __divull
00023820                __divlli
00023854                __addd
00023aab                __neqd
00023adf                __lssd
00023b27                __leqd
00023b74                __gtrd
00023bbf                __geqd
00023c09                __eqld
00023c3d                __cmpd
00023c95                _fputs
00023de4                _puts
00023e10                _USBSTK5505_GPIO_init
00023e14                _USBSTK5505_GPIO_setDirection
00023e9f                _USBSTK5505_GPIO_setOutput
00023f1c                _USBSTK5505_GPIO_getInput
00023f74                __mpyd
000240bf                _AIC3204_rget
0002410a                _AIC3204_rset
0002412c                _aic3204_hardware_init
0002415c                _aic3204_disable
00024178                _aic3204_codec_read
000241be                _aic3204_codec_write
000241fa                _USBSTK5505_I2C_init
00024219                _USBSTK5505_I2C_close
00024222                _USBSTK5505_I2C_reset
00024230                _USBSTK5505_I2C_write
000242ab                _USBSTK5505_I2C_read
00024324                _setvbuf
00024417                __wrt_ok
00024494                __rd_ok
000244f1                _writemsg
000245aa                C$$IO$$
000245af                __doflush
00024611                _fflush
00024669                _fputc
00024669                _putc
000246fc                _putchar
0002470b                __divul
000247ab                _HHS_Setup
000247ff                _HHS_Stop
00024809                _HHS_InStereo
0002481e                _HHS_Led
00024832                _HHS_OutStereo
00024844                _main
000248d4                _ltoa
0002494d                _fclose
000249c3                __frcmpyd
00024a39                __frcmpyd_div
00024aac                __remul
00024b1c                __fixdli
00024b8a                _readmsg
00024bf5                _fseek
00024c5d                __fltlid
00024cc4                _atoi
00024d1d                _memcpy
00024d73                _USBSTK5505_wait
00024da7                _USBSTK5505_waitusec
00024db9                _USBSTK5505_init
00024dc7                _printf
00024e15                _auto_init
00024e62                __remli
00024ead                __args_main
00024ef6                __divli
00024f3e                _exit
00024f7c                _c_int00
00024fb0                _USBSTK5505_LED_init
00024fbb                _USBSTK5505_LED_on
00024fcc                _USBSTK5505_LED_off
00024fdd                __fixdi
00025007                I$$UDIV
00025007                __divu
0002501c                I$$UMOD
0002501c                __remu
00025031                _memccpy
00025053                _stereo_to_mono
0002506f                ___isinf
00025089                __subd
0002509d                I$$LMPY
0002509d                __mpyli
000250b0                __register_unlock
000250b8                __register_lock
000250c0                __nop
000250c2                __negd
000250d2                _remove
000250dc                _abort
000250dd                C$$EXIT
            00020000    __CIOBUF_
            00020120    ___cinit__
            00020120    cinit
0004fe00                _Reset
ffffffff                .bss
ffffffff                .data
ffffffff                .text
ffffffff                ___binit__
ffffffff                ___bss__
ffffffff                ___c_args__
ffffffff                ___data__
ffffffff                ___edata__
ffffffff                ___end__
ffffffff                ___etext__
ffffffff                ___pinit__
ffffffff                ___text__
ffffffff                binit
ffffffff                edata
ffffffff                end
ffffffff                etext
ffffffff                pinit

[187 symbols]
